// Jest Snapshot v1, https://goo.gl/fbAQLP

exports[`Settings component renders correctly 1`] = `
Array [
  <View
    style={
      Object {
        "alignItems": "center",
        "backgroundColor": "white",
        "flex": 1,
        "justifyContent": "center",
        "paddingTop": 13.9932,
      }
    }
  >
    <View
      style={
        Object {
          "transform": Array [
            Object {
              "scale": AnimatedValue {
                " __value": 1,
              },
            },
          ],
        }
      }
    >
      <View
        accessible={true}
        collapsable={false}
        focusable={true}
        onBlur={[Function]}
        onClick={[Function]}
        onFocus={[Function]}
        onResponderGrant={[Function]}
        onResponderMove={[Function]}
        onResponderRelease={[Function]}
        onResponderTerminate={[Function]}
        onResponderTerminationRequest={[Function]}
        onStartShouldSetResponder={[Function]}
        style={
          Object {
            "alignItems": "center",
            "backgroundColor": "#4585c4",
            "borderRadius": 10.99791,
            "height": 54.989549999999994,
            "justifyContent": "center",
            "marginLeft": "auto",
            "marginRight": "auto",
            "marginTop": 0,
            "shadowColor": "#4585c4",
            "shadowOffset": Object {
              "height": 4.399164,
              "width": 0,
            },
            "shadowOpacity": 0.17,
            "shadowRadius": 16.496864999999996,
            "width": 1433.6000000000001,
          }
        }
      >
        <Text
          style={
            Object {
              "color": "white",
              "fontSize": 27.494774999999997,
              "fontWeight": "bold",
            }
          }
        >
          Sign Out
        </Text>
      </View>
    </View>
  </View>,
  <View
    style={
      Object {
        "position": "absolute",
      }
    }
  >
    <View
      style={
        Object {
          "backgroundColor": "#fafbfb",
          "borderBottomColor": "#fafaff",
          "borderBottomWidth": 1.0764,
          "height": 53.82,
          "shadowColor": "lightgray",
          "shadowOffset": Object {
            "height": 5.382000000000001,
            "width": 0,
          },
          "shadowOpacity": 0.5,
          "shadowRadius": 13.9932,
          "width": 1792,
        }
      }
    >
      <View
        style={
          Object {
            "flexDirection": "column",
            "height": 53.82,
            "marginTop": 0,
            "width": 1792,
          }
        }
      >
        <Text
          style={
            Object {
              "color": "#363636",
              "fontSize": 27.9864,
              "fontWeight": "bold",
              "marginLeft": "auto",
              "marginRight": "auto",
            }
          }
        >
          Settings
        </Text>
      </View>
    </View>
  </View>,
]
`;
